I'm sorry, but errors were detected in your script. Please correct the
errors listed below, and try again.


File "game/script.rpy", line 28: expected '=' not found.
    image coord wave show:
                     ^

File "game/script.rpy", line 45: end of line expected.
    show coord wave show
                    ^

Ren'Py Version: Ren'Py 7.4.8.1895
Sun Sep 26 10:14:07 2021
